// Vitest Snapshot v1, https://vitest.dev/guide/snapshot.html

exports[`JobRoleList > matches snapshot 1`] = `
"<div data-v-5e29d59b=\\"\\">
  <!-- Conditional rendering for when no job roles are available -->
  <!-- Job role list -->
  <ul data-v-5e29d59b=\\"\\">
    <li data-v-5e29d59b=\\"\\" class=\\"job-role-item\\">Software Engineer
      <!-- You can display additional job role information here -->
    </li>
    <li data-v-5e29d59b=\\"\\" class=\\"job-role-item\\">Product Manager
      <!-- You can display additional job role information here -->
    </li>
  </ul>
</div>"
`;
